Itasca:ITAS St. Louis:STLO Aitkin:AITK Carlton:CARL Pine:PINE 
name:Pokegama Lake name:Hibbing name:Aitkin name:Duluth name:Mille Lacs Lake name:Sandstone 
