St. Louis:STLO Crow Wing:CROW Cass:CASS Aitkin:AITK Carlton:CARL Pine:PINE Mille Lacs:MILL 
name:Pine River name:Port Wing name:Aitkin name:Duluth name:Brainerd name:Mille Lacs Lake name:Sandstone 
