<?xml version='1.0' encoding="ISO-8859-1" standalone="no" ?>
<!DOCTYPE ServiceExceptionReport SYSTEM "http://ogc.dmsolutions.ca/wms/1.1.0/exception_1_1_0.dtd">
<ServiceExceptionReport version="1.1.0">
<ServiceException>
msSLDApplySLDURL: WMS server error. Could not open SLD myproto://localhost:8000/wxs/etc/largesld.sld and save it in temporary file /tmp/51f3f065_1e04_0.sld.xml. Please make sure that the sld url is valid and that the temporary path is set. The temporary path can be defined for example by setting TMPPATH in the map file. Please check the MapServer documentation on temporary path settings.
msHTTPExecuteRequests(): HTTP request error. HTTP: request failed with curl error code 1 (Protocol myproto not supported or disabled in libcurl) for myproto://localhost:8000/wxs/etc/largesld.sld
</ServiceException>
</ServiceExceptionReport>
