Content-Type: application/vnd.ogc.gml

<?xml version="1.0" encoding="ISO-8859-1"?>

<msGMLOutput 
	 xmlns:gml="http://www.opengis.net/gml"
	 xmlns:xlink="http://www.w3.org/1999/xlink"
	 xmlns:xsi="http://www.w3.org/2001/XMLSchema-instance">
	<road_layer>
	<gml:name>road</gml:name>
		<road_feature>
			<gml:boundedBy>
				<gml:Box srsName="EPSG:4326">
					<gml:coordinates>-117.44501,44.71061 -117.44501,44.71061</gml:coordinates>
				</gml:Box>
			</gml:boundedBy>
			<x>464750</x>
			<y>4950900</y>
			<value_0>146</value_0>
			<value_1>167</value_1>
			<value_2>150</value_2>
			<value_list>146,167,150</value_list>
			<red>146</red>
			<green>167</green>
			<blue>150</blue>
		</road_feature>
	</road_layer>
</msGMLOutput>
